[html.fairytheme.studio/belle/index.html]
[backblue.gif]
[fade.gif]
[index.html]
[html.fairytheme.studio/belle/css/vendor/animate.css]
[html.fairytheme.studio/belle/css/vendor/icomoon.css]
[html.fairytheme.studio/belle/fonts/font-awesome-4.7.0/css/font-awesome.min.css]
[html.fairytheme.studio/belle/css/vendor/bootstrap.min.css]
[html.fairytheme.studio/belle/css/vendor/magnific-popup.css]
[html.fairytheme.studio/belle/css/vendor/owl.carousel.min.css]
[html.fairytheme.studio/belle/css/vendor/owl.theme.default.min.css]
[html.fairytheme.studio/belle/css/vendor/lightbox.min.css]
[html.fairytheme.studio/belle/css/main.css]
[html.fairytheme.studio/belle/about.html]
[html.fairytheme.studio/belle/gallery.html]
[html.fairytheme.studio/belle/rsvp.html]
[html.fairytheme.studio/belle/gallery-single.html]
[html.fairytheme.studio/belle/blog.html]
[html.fairytheme.studio/belle/single-post.html]
[html.fairytheme.studio/belle/single-post-2.html]
[html.fairytheme.studio/belle/img/header-bg.jpg]
[html.fairytheme.studio/belle/img/groom.jpg]
[html.fairytheme.studio/belle/img/bride.jpg]
[html.fairytheme.studio/belle/img/event1.jpg]
[html.fairytheme.studio/belle/img/event2.jpg]
[html.fairytheme.studio/belle/img/event3.jpg]
[html.fairytheme.studio/belle/img/event4.jpg]
[html.fairytheme.studio/belle/img/event5.jpg]
[html.fairytheme.studio/belle/img/story-1.jpg]
[html.fairytheme.studio/belle/img/story-2.jpg]
[html.fairytheme.studio/belle/img/story-3.jpg]
[html.fairytheme.studio/belle/img/gallery-1.jpg]
[html.fairytheme.studio/belle/img/gallery-2.jpg]
[html.fairytheme.studio/belle/img/gallery-3.jpg]
[html.fairytheme.studio/belle/img/gallery-4.jpg]
[html.fairytheme.studio/belle/img/gallery-5.jpg]
[html.fairytheme.studio/belle/img/gallery-10.jpg]
[html.fairytheme.studio/belle/img/gallery-7.jpg]
[html.fairytheme.studio/belle/img/gallery-8.jpg]
[html.fairytheme.studio/belle/img/gallery-9.jpg]
[html.fairytheme.studio/belle/img/friend-1.jpg]
[html.fairytheme.studio/belle/img/friend-2.jpg]
[html.fairytheme.studio/belle/img/friend-3.jpg]
[html.fairytheme.studio/belle/js/vendor/modernizr-2.6.2.min.js]
[html.fairytheme.studio/belle/js/vendor/jquery.min.js]
[html.fairytheme.studio/belle/js/vendor/jquery.easing.1.3.js]
[html.fairytheme.studio/belle/js/vendor/bootstrap.min.js]
[html.fairytheme.studio/belle/js/vendor/jquery.waypoints.min.js]
[html.fairytheme.studio/belle/js/vendor/owl.carousel.min.js]
[html.fairytheme.studio/belle/js/vendor/jquery.countTo.js]
[html.fairytheme.studio/belle/js/vendor/parallax.min.js]
[html.fairytheme.studio/belle/js/vendor/jquery.magnific-popup.min.js]
[html.fairytheme.studio/belle/js/vendor/magnific-popup-options.js]
[html.fairytheme.studio/belle/js/vendor/lightbox.min.js]
[html.fairytheme.studio/belle/js/vendor/isotope.pkgd.min.js]
[html.fairytheme.studio/belle/js/vendor/imagesloaded.pkgd.min.js]
[html.fairytheme.studio/belle/js/main.js]
[html.fairytheme.studio/belle/index.html]
[html.fairytheme.studio/belle/css/vendor/animate.css]
[html.fairytheme.studio/belle/css/vendor/icomoon.css]
[html.fairytheme.studio/belle/fonts/font-awesome-4.7.0/fonts/fontawesome-webfont3e6e.eot]
[html.fairytheme.studio/belle/fonts/font-awesome-4.7.0/fonts/fontawesome-webfontd41d.eot]
[html.fairytheme.studio/belle/fonts/font-awesome-4.7.0/fonts/fontawesome-webfont3e6e.woff2]
[html.fairytheme.studio/belle/fonts/font-awesome-4.7.0/fonts/fontawesome-webfont3e6e.woff]
[html.fairytheme.studio/belle/fonts/font-awesome-4.7.0/fonts/fontawesome-webfont3e6e.ttf]
[html.fairytheme.studio/belle/fonts/font-awesome-4.7.0/css/font-awesome.min.css]
[html.fairytheme.studio/belle/fonts/font-awesome-4.7.0/fonts/fontawesome-webfont3e6e.svg]
[html.fairytheme.studio/belle/css/vendor/bootstrap.min.css]
[html.fairytheme.studio/belle/css/vendor/magnific-popup.css]
[html.fairytheme.studio/belle/css/vendor/owl.carousel.min.css]
[html.fairytheme.studio/belle/css/vendor/owl.theme.default.min.css]
[html.fairytheme.studio/belle/css/images/close.png]
[html.fairytheme.studio/belle/css/images/loading.gif]
[html.fairytheme.studio/belle/css/images/prev.png]
[html.fairytheme.studio/belle/css/images/next.png]
[html.fairytheme.studio/belle/css/vendor/lightbox.min.css]
[html.fairytheme.studio/belle/fonts/icomoon/icomoona57c.eot]
[html.fairytheme.studio/belle/fonts/icomoon/icomoona57c.ttf]
[html.fairytheme.studio/belle/fonts/icomoon/icomoona57c.woff]
[html.fairytheme.studio/belle/fonts/GoodVibesPro/GoodVibesPro.eot]
[html.fairytheme.studio/belle/fonts/icomoon/icomoona57c.svg]
[html.fairytheme.studio/belle/fonts/GoodVibesPro/GoodVibesProd41d.eot]
[html.fairytheme.studio/belle/fonts/GoodVibesPro/GoodVibesPro.woff]
[html.fairytheme.studio/belle/fonts/GoodVibesPro/GoodVibesPro.ttf]
[html.fairytheme.studio/belle/img/counter-bg.jpg]
[html.fairytheme.studio/belle/img/video-bg.jpg]
[html.fairytheme.studio/belle/img/banner-bottom.jpg]
[html.fairytheme.studio/belle/img/accept.png]
[html.fairytheme.studio/belle/img/countdown-bg.jpg]
[html.fairytheme.studio/belle/css/main.css]
[html.fairytheme.studio/belle/about.html]
[html.fairytheme.studio/belle/img/gallery-6.jpg]
[html.fairytheme.studio/belle/gallery.html]
[html.fairytheme.studio/belle/rsvp.html]
[html.fairytheme.studio/belle/img/gallery-11.jpg]
[html.fairytheme.studio/belle/img/gallery-12.jpg]
[html.fairytheme.studio/belle/img/gallery-13.jpg]
[html.fairytheme.studio/belle/gallery-single.html]
[html.fairytheme.studio/belle/img/blog-1.jpg]
[html.fairytheme.studio/belle/img/blog-3.jpg]
[html.fairytheme.studio/belle/img/blog-2.jpg]
[html.fairytheme.studio/belle/img/blog-4.jpg]
[html.fairytheme.studio/belle/img/blog-5.jpg]
[html.fairytheme.studio/belle/img/blog-item.jpg]
[html.fairytheme.studio/belle/blog.html]
[html.fairytheme.studio/belle/img/single-post.jpg]
[html.fairytheme.studio/belle/img/post-thumb-1.jpg]
[html.fairytheme.studio/belle/img/post-thumb-2.jpg]
[html.fairytheme.studio/belle/img/post-thumb.jpg]
[html.fairytheme.studio/belle/single-post.html]
[html.fairytheme.studio/belle/single-post-2.html]
[html.fairytheme.studio/belle/css/fonts/icomoon/icomoonb103.html]
[html.fairytheme.studio/belle/css/fonts/icomoon/icomoonb103-2.html]
[html.fairytheme.studio/belle/css/fonts/icomoon/icomoonb103-3.html]
[html.fairytheme.studio/belle/css/fonts/icomoon/icomoonb103-4.html]
[html.fairytheme.studio/belle/fonts/font-awesome-4.7.0/fonts/fontawesome-webfont3e6e.svg]
[html.fairytheme.studio/belle/css/fonts/glyphicons-halflings-regular.html]
[html.fairytheme.studio/belle/css/fonts/glyphicons-halflings-regulard41d.html]
[html.fairytheme.studio/belle/css/fonts/glyphicons-halflings-regular-2.html]
[html.fairytheme.studio/belle/css/fonts/glyphicons-halflings-regular-3.html]
[html.fairytheme.studio/belle/css/fonts/glyphicons-halflings-regular-4.html]
[html.fairytheme.studio/belle/css/fonts/glyphicons-halflings-regular-5.html]
[html.fairytheme.studio/belle/css/vendor/owl.video.play.html]
[html.fairytheme.studio/belle/fonts/icomoon/icomoona57c.svg]
